I'm sorry, but errors were detected in your script. Please correct the
errors listed below, and try again.


File "game/scripts/events.rpy", line 6: expected an indented block
    class Calendar(object):
    ^
    

Ren'Py Version: Ren'Py 7.3.5.606
Sat Dec 26 18:26:24 2020
